✅ SQLite database initialized
✅ SQLite database initialized
✅ SQLite database initialized
✅ SQLite database initialized
✅ SQLite database initialized
✅ SQLite database initialized
✅ SQLite database initialized
✅ SQLite database initialized
✅ SQLite database initialized
✅ SQLite database initialized
✅ SQLite database initialized
✅ SQLite database initialized
✅ SQLite database initialized
✅ SQLite database initialized
✅ SQLite database initialized
✅ SQLite database initialized
✅ SQLite database initialized
✅ SQLite database initialized
✅ SQLite database initialized
✅ SQLite database initialized
🔧 Registering routes...
📦 About to load auth routes...
✅ Auth routes file loaded!
✅ Auth routes loaded from file
✅ SQLite database initialized
🔧 Registering routes...
📦 About to load auth routes...
✅ Auth routes file loaded!
✅ Auth routes loaded from file
✅ SQLite database initialized
🔧 Registering routes...
📦 About to load auth routes...
✅ Auth routes file loaded!
✅ Auth routes loaded from file
✅ SQLite database initialized
🔧 Registering routes...
📦 About to load auth routes...
✅ Auth routes file loaded!
✅ Auth routes loaded from file
✅ SQLite database initialized
🔧 Registering routes...
📦 About to load auth routes...
✅ Auth routes file loaded!
✅ Auth routes loaded from file
✅ SQLite database initialized
🔧 Registering routes...
📦 About to load auth routes...
✅ Auth routes file loaded!
✅ Auth routes loaded from file
✅ SQLite database initialized
🔧 Registering routes...
📦 About to load auth routes...
✅ Auth routes file loaded!
✅ Auth routes loaded from file
✅ SQLite database initialized
🔧 Registering routes...
📦 About to load auth routes...
✅ Auth routes file loaded!
✅ Auth routes loaded from file
✅ SQLite database initialized
🔧 Registering routes...
📦 About to load auth routes...
✅ Auth routes file loaded!
✅ Auth routes loaded from file
✅ SQLite database initialized
🔧 Registering routes...
📦 About to load auth routes...
✅ Auth routes file loaded!
✅ Auth routes loaded from file
✅ SQLite database initialized
🔧 Registering routes...
📦 About to load auth routes...
✅ Auth routes file loaded!
✅ Auth routes loaded from file
✅ SQLite database initialized
🔧 Registering routes...
📦 About to load auth routes...
✅ Auth routes file loaded!
✅ Auth routes loaded from file
✅ Server running on port 5000
📍 http://localhost:5000
📍 Bookings Admin: http://localhost:5000/api/bookings/admin
✅ SQLite database initialized
🔧 Registering routes...
📦 About to load auth routes...
✅ Auth routes file loaded!
✅ Auth routes loaded from file
✅ Server running on port 5000
📍 http://localhost:5000
📍 Bookings Admin: http://localhost:5000/api/bookings/admin
✅ SQLite database initialized
🔧 Registering routes...
📦 About to load auth routes...
✅ Auth routes file loaded!
✅ Auth routes loaded from file
✅ Server running on port 5000
📍 http://localhost:5000
📍 Bookings Admin: http://localhost:5000/api/bookings/admin
✅ SQLite database initialized
🔧 Registering routes...
📦 About to load auth routes...
✅ Auth routes file loaded!
✅ Auth routes loaded from file
✅ Server running on port 5000
📍 http://localhost:5000
📍 Bookings Admin: http://localhost:5000/api/bookings/admin
📊 Fetching approved testimonials...
📊 Found 6 approved testimonials
🔐 Login route called!
✅ Login successful: admin
📊 Admin: Fetching all bookings...
🔐 Verify route called
📊 Admin: Fetching all testimonials...
📊 Found 13 bookings
📊 Found 6 testimonials
📊 Admin: Fetching all bookings...
📊 Found 13 bookings
📊 Fetching approved testimonials...
📊 Found 6 approved testimonials
🔑 Password change attempt received
📝 Username: admin
✅ Password changed successfully for: admin
🔐 Login route called!
✅ Login successful: admin
📊 Admin: Fetching all bookings...
📊 Admin: Fetching all testimonials...
🔐 Verify route called
📊 Found 13 bookings
📊 Found 6 testimonials
📊 Admin: Fetching all bookings...
📊 Found 13 bookings
📊 Fetching approved testimonials...
📊 Found 6 approved testimonials
📊 Admin: Fetching all bookings...
📊 Found 13 bookings
📊 Admin: Fetching all testimonials...
📊 Found 6 testimonials
📊 Admin: Fetching all bookings...
📊 Found 13 bookings
📊 Fetching approved testimonials...
📊 Found 6 approved testimonials
📊 Admin: Fetching all bookings...
📊 Found 13 bookings
📊 Admin: Fetching all testimonials...
🔐 Verify route called
📊 Found 6 testimonials
📊 Admin: Fetching all bookings...
📊 Found 13 bookings
📊 Fetching approved testimonials...
📊 Found 6 approved testimonials
📊 Admin: Fetching all bookings...
📊 Found 13 bookings
🔄 Updating booking 12 to cancelled
📧 Booking details: {
  email: 'willfredjayem@gmail.com',
  name: 'Juda Mwendwa',
  service: 'indoor'
}
✅ Booking status updated to: cancelled
📧 Sending cancellation email to: willfredjayem@gmail.com
📧 Sending cancellation email to: willfredjayem@gmail.com
📊 Admin: Fetching all bookings...
📊 Found 13 bookings
📊 Admin: Fetching all bookings...
📊 Found 13 bookings
📊 Fetching approved testimonials...
📊 Found 6 approved testimonials
📊 Admin: Fetching all bookings...
📊 Found 13 bookings
🔄 Updating booking 8 to confirmed
📧 Booking details: {
  email: 'willfredjayem@gmail.com',
  name: 'Willfred Jayem',
  service: 'indoor'
}
✅ Booking status updated to: confirmed
📧 Sending confirmation email to: willfredjayem@gmail.com
📧 Sending confirmation email to: willfredjayem@gmail.com
📊 Admin: Fetching all bookings...
📊 Found 13 bookings
📊 Admin: Fetching all bookings...
📊 Found 13 bookings
📊 Fetching approved testimonials...
📊 Found 6 approved testimonials
📊 Admin: Fetching all bookings...
📊 Found 13 bookings
📊 Admin: Fetching all bookings...
📊 Found 13 bookings
📊 Admin: Fetching all bookings...
📊 Found 13 bookings
📝 New booking received: {
  name: 'Juda Mwendwa',
  email: 'willfredjayem@gmail.com',
  service: 'event',
  date: '2026-12-12'
}
✅ Booking saved with ID: 14
📧 Sending auto-reply to: willfredjayem@gmail.com
📊 Admin: Fetching all bookings...
📊 Found 14 bookings
📊 Admin: Fetching all bookings...
📊 Found 14 bookings
🔄 Updating booking 14 to confirmed
📧 Booking details: {
  email: 'willfredjayem@gmail.com',
  name: 'Juda Mwendwa',
  service: 'event'
}
✅ Booking status updated to: confirmed
📧 Sending confirmation email to: willfredjayem@gmail.com
📧 Sending confirmation email to: willfredjayem@gmail.com
📊 Admin: Fetching all bookings...
📊 Found 14 bookings
📊 Admin: Fetching all bookings...
📊 Found 14 bookings
📊 Fetching approved testimonials...
📊 Found 6 approved testimonials
📊 Admin: Fetching all bookings...
📊 Found 14 bookings
📊 Admin: Fetching all bookings...
📊 Found 14 bookings
📊 Admin: Fetching all bookings...
📊 Found 14 bookings
📊 Admin: Fetching all bookings...
📊 Found 14 bookings
📊 Admin: Fetching all bookings...
📊 Found 14 bookings
📊 Admin: Fetching all bookings...
📊 Found 14 bookings
✅ SQLite database initialized
🔧 Registering routes...
📦 About to load auth routes...
✅ Auth routes file loaded!
✅ Auth routes loaded from file
✅ Server running on port 5000
📍 http://localhost:5000
📍 Bookings Admin: http://localhost:5000/api/bookings/admin
📊 Admin: Fetching all bookings...
📊 Found 14 bookings
✅ SQLite database initialized
🔧 Registering routes...
📦 About to load auth routes...
✅ Auth routes file loaded!
✅ Auth routes loaded from file
✅ Server running on port 5000
📍 http://localhost:5000
📍 Bookings Admin: http://localhost:5000/api/bookings/admin
📊 Admin: Fetching all bookings...
📊 Found 14 bookings
✅ SQLite database initialized
🔧 Registering routes...
📦 About to load auth routes...
✅ Auth routes file loaded!
✅ Auth routes loaded from file
✅ Server running on port 5000
📍 http://localhost:5000
📍 Bookings Admin: http://localhost:5000/api/bookings/admin
📊 Admin: Fetching all bookings...
📊 Found 14 bookings
📊 Admin: Fetching all bookings...
📊 Found 14 bookings
